( 
	("BETA"
		(base
			("R0501" "U0500" "U0501" "U0504" "U0509")
		)
		("R0500" VAR_REPLACED="RES" VAR_PARTNAME="CAP" PACK_TYPE="0805" PART_NUMBER="CDN-CAP-0154" TOLERANCE="10%" VALUE="330pF" VOLTAGE="50V" ALT_SYMBOLS="(CAPC2012N)" CURRENT="CIMAX" DESCRIPTION="Capacitor X7R 50V 330pF 10% 0805" DIST="FLAT" HEIGHT="0.94mm" IC="UNDEF" JEDEC_TYPE="CAPC2012N" KNEE="CBMAX" MANUFACTURER="AVX" MAX_TEMP="125" MPN="08055C331KAT2A" NEGTOL="5%" POSTOL="5%" ROHS="COMPLIANT" SLOPE="CSMAX" STATUS="" TC="" TCO="X7R" TOL_ON_OFF="ON" DEVICE_TYPE="0805,CAP,CDN-CAP-0154,10%,330pF,50V")
	)
	("GAMMA"
		(base
			("J0501" "J0502" "J0503" "J0504" "J101" "R0501" "U0500" "U0501" "U0504" "U0509")
		)
		("R0500" PACK_TYPE="0805" PART_NUMBER="CDN-RES-0292" TOLERANCE="1%" VALUE="1.3k" WATTAGE="0.125W" DESCRIPTION="Precision Thick Film Chip Resistor 1.3k 150V 0.125W 1%" DIST="FLAT" HEIGHT="0.6mm" JEDEC_TYPE="RESC2012N" MANUFACTURER="Panasonic" MAX_TEMP="155" MPN="ERJ6ENF1301X" NEGTOL="0.5%" POSTOL="0.5%" POWER="0.125W" ROHS="UNKNOWN" SLOPE="RSMAX" STATUS="" TC1="100" TC2="RTMPQ" TOL_ON_OFF="ON" VOLTAGE="150V" DEVICE_TYPE="0805,RES,CDN-RES-0292,1%,1.3k,0.125W")
	)
)
